[2026-03-12 00:02:10] [INFO] === ICL Voice Assistant Auto-Start Script ===
[2026-03-12 00:02:10] [INFO] Python: C:\Users\regan\Documents\ICL_Voice_Assistant\.venv\Scripts\python.exe
[2026-03-12 00:02:10] [INFO] Script: C:\Users\regan\Documents\ICL_Voice_Assistant\scripts\launch_kiosk.py
[2026-03-12 00:02:10] [INFO] Max Restarts: 10
[2026-03-12 00:02:10] [INFO] Starting kiosk (attempt: 1/10)...
[2026-03-12 00:05:06] [INFO] Kiosk exited with code: 
[2026-03-12 00:05:06] [WARN] Crash detected. Restarting in 5 seconds...
[2026-03-12 00:05:11] [INFO] Starting kiosk (attempt: 2/10)...
[2026-03-12 00:06:46] [INFO] Kiosk exited with code: 
[2026-03-12 00:06:46] [WARN] Crash detected. Restarting in 5 seconds...
[2026-03-12 00:06:51] [INFO] Starting kiosk (attempt: 3/10)...
[2026-03-12 00:07:38] [INFO] Kiosk exited with code: 
[2026-03-12 00:07:38] [WARN] Crash detected. Restarting in 5 seconds...
[2026-03-12 00:07:43] [INFO] Starting kiosk (attempt: 4/10)...
[2026-03-12 00:08:14] [INFO] Kiosk exited with code: 
[2026-03-12 00:08:14] [WARN] Crash detected. Restarting in 5 seconds...
[2026-03-12 00:08:19] [INFO] Starting kiosk (attempt: 5/10)...
[2026-03-12 00:08:46] [INFO] Kiosk exited with code: 
[2026-03-12 00:08:46] [WARN] Crash detected. Restarting in 5 seconds...
[2026-03-12 00:08:51] [INFO] Starting kiosk (attempt: 6/10)...
[2026-03-12 00:11:55] [INFO] Kiosk exited with code: 
[2026-03-12 00:11:55] [WARN] Crash detected. Restarting in 5 seconds...
[2026-03-12 00:12:00] [INFO] Starting kiosk (attempt: 7/10)...
[2026-03-12 00:12:33] [INFO] Kiosk exited with code: 
[2026-03-12 00:12:33] [WARN] Crash detected. Restarting in 5 seconds...
[2026-03-12 00:12:38] [INFO] Starting kiosk (attempt: 8/10)...
[2026-03-12 00:13:19] [INFO] === Auto-start script ended ===
[2026-03-12 00:26:24] [INFO] === ICL Voice Assistant Auto-Start Script ===
[2026-03-12 00:26:24] [INFO] Python: C:\Users\regan\Documents\ICL_Voice_Assistant\.venv\Scripts\python.exe
[2026-03-12 00:26:24] [INFO] Script: C:\Users\regan\Documents\ICL_Voice_Assistant\scripts\launch_kiosk.py
[2026-03-12 00:26:24] [INFO] Max Restarts: 10
[2026-03-12 00:26:24] [INFO] Starting kiosk (attempt: 1/10)...
[2026-03-12 00:34:08] [INFO] Kiosk exited with code: 
[2026-03-12 00:34:08] [WARN] Crash detected. Restarting in 5 seconds...
[2026-03-12 00:34:11] [INFO] === Auto-start script ended ===
[2026-03-12 00:42:03] [INFO] === ICL Voice Assistant Auto-Start Script ===
[2026-03-12 00:42:03] [INFO] Python: C:\Users\regan\Documents\ICL_Voice_Assistant\.venv\Scripts\python.exe
[2026-03-12 00:42:03] [INFO] Script: C:\Users\regan\Documents\ICL_Voice_Assistant\scripts\launch_kiosk.py
[2026-03-12 00:42:03] [INFO] Max Restarts: 10
[2026-03-12 00:42:03] [INFO] Starting kiosk (attempt: 1/10)...
[2026-03-12 00:42:38] [INFO] Kiosk exited with code: 
[2026-03-12 00:42:38] [WARN] Crash detected. Restarting in 5 seconds...
[2026-03-12 00:42:43] [INFO] Starting kiosk (attempt: 2/10)...
[2026-03-12 00:43:26] [INFO] Kiosk exited with code: 
[2026-03-12 00:43:26] [WARN] Crash detected. Restarting in 5 seconds...
[2026-03-12 00:43:31] [INFO] Starting kiosk (attempt: 3/10)...
[2026-03-12 00:43:54] [INFO] Kiosk exited with code: 
[2026-03-12 00:43:54] [WARN] Crash detected. Restarting in 5 seconds...
[2026-03-12 00:43:59] [INFO] Starting kiosk (attempt: 4/10)...
[2026-03-12 00:45:16] [INFO] Kiosk exited with code: 
[2026-03-12 00:45:16] [WARN] Crash detected. Restarting in 5 seconds...
[2026-03-12 00:45:21] [INFO] Starting kiosk (attempt: 5/10)...
[2026-03-12 00:46:06] [INFO] Kiosk exited with code: 
[2026-03-12 00:46:06] [WARN] Crash detected. Restarting in 5 seconds...
[2026-03-12 00:46:11] [INFO] Starting kiosk (attempt: 6/10)...
[2026-03-12 00:52:28] [INFO] === Auto-start script ended ===
[2026-03-12 00:52:36] [INFO] === ICL Voice Assistant Auto-Start Script ===
[2026-03-12 00:52:36] [INFO] Python: C:\Users\regan\Documents\ICL_Voice_Assistant\.venv\Scripts\python.exe
[2026-03-12 00:52:36] [INFO] Script: C:\Users\regan\Documents\ICL_Voice_Assistant\scripts\launch_kiosk.py
[2026-03-12 00:52:36] [INFO] Max Restarts: 10
[2026-03-12 00:52:36] [INFO] Starting kiosk (attempt: 1/10)...
[2026-03-12 00:53:05] [INFO] Kiosk exited with code: 
[2026-03-12 00:53:05] [WARN] Crash detected. Restarting in 5 seconds...
[2026-03-12 00:53:10] [INFO] Starting kiosk (attempt: 2/10)...
[2026-03-12 00:53:34] [INFO] Kiosk exited with code: 
[2026-03-12 00:53:34] [WARN] Crash detected. Restarting in 5 seconds...
[2026-03-12 00:53:39] [INFO] Starting kiosk (attempt: 3/10)...
[2026-03-12 00:54:10] [INFO] Kiosk exited with code: 
[2026-03-12 00:54:10] [WARN] Crash detected. Restarting in 5 seconds...
[2026-03-12 00:54:15] [INFO] Starting kiosk (attempt: 4/10)...
[2026-03-12 00:56:50] [INFO] Kiosk exited with code: 
[2026-03-12 00:56:50] [WARN] Crash detected. Restarting in 5 seconds...
[2026-03-12 00:56:55] [INFO] Starting kiosk (attempt: 5/10)...
[2026-03-12 00:58:44] [INFO] Kiosk exited with code: 
[2026-03-12 00:58:44] [WARN] Crash detected. Restarting in 5 seconds...
[2026-03-12 00:58:49] [INFO] Starting kiosk (attempt: 6/10)...
[2026-03-12 00:59:23] [INFO] Kiosk exited with code: 
[2026-03-12 00:59:23] [WARN] Crash detected. Restarting in 5 seconds...
[2026-03-12 00:59:28] [INFO] Starting kiosk (attempt: 7/10)...
[2026-03-12 00:59:48] [INFO] Kiosk exited with code: 
[2026-03-12 00:59:48] [WARN] Crash detected. Restarting in 5 seconds...
[2026-03-12 00:59:50] [INFO] === Auto-start script ended ===
[2026-03-12 01:00:41] [INFO] === ICL Voice Assistant Auto-Start Script ===
[2026-03-12 01:00:41] [INFO] Python: C:\Users\regan\Documents\ICL_Voice_Assistant\.venv\Scripts\python.exe
[2026-03-12 01:00:41] [INFO] Script: C:\Users\regan\Documents\ICL_Voice_Assistant\scripts\launch_kiosk.py
[2026-03-12 01:00:41] [INFO] Max Restarts: 10
[2026-03-12 01:00:41] [INFO] Starting kiosk (attempt: 1/10)...
[2026-03-12 01:01:06] [INFO] Kiosk exited with code: 
[2026-03-12 01:01:06] [WARN] Crash detected. Restarting in 5 seconds...
[2026-03-12 01:01:11] [INFO] Starting kiosk (attempt: 2/10)...
[2026-03-12 01:02:07] [INFO] Kiosk exited with code: 
[2026-03-12 01:02:07] [WARN] Crash detected. Restarting in 5 seconds...
[2026-03-12 01:02:12] [INFO] Starting kiosk (attempt: 3/10)...
[2026-03-12 01:02:25] [INFO] Kiosk exited with code: 
[2026-03-12 01:02:25] [WARN] Crash detected. Restarting in 5 seconds...
[2026-03-12 01:02:30] [INFO] Starting kiosk (attempt: 4/10)...
[2026-03-12 01:02:36] [INFO] === Auto-start script ended ===
[2026-03-12 01:03:34] [INFO] === ICL Voice Assistant Auto-Start Script ===
[2026-03-12 01:03:34] [INFO] Python: C:\Users\regan\Documents\ICL_Voice_Assistant\.venv\Scripts\python.exe
[2026-03-12 01:03:34] [INFO] Script: C:\Users\regan\Documents\ICL_Voice_Assistant\scripts\launch_kiosk.py
[2026-03-12 01:03:34] [INFO] Max Restarts: 10
[2026-03-12 01:03:34] [INFO] Starting kiosk (attempt: 1/10)...
[2026-03-12 01:08:41] [INFO] Kiosk exited with code: 
[2026-03-12 01:08:42] [WARN] Crash detected. Restarting in 5 seconds...
[2026-03-12 01:08:42] [INFO] === Auto-start script ended ===
[2026-03-12 01:08:55] [INFO] === ICL Voice Assistant Auto-Start Script ===
[2026-03-12 01:08:55] [INFO] Python: C:\Users\regan\Documents\ICL_Voice_Assistant\.venv\Scripts\python.exe
[2026-03-12 01:08:55] [INFO] Script: C:\Users\regan\Documents\ICL_Voice_Assistant\scripts\launch_kiosk.py
[2026-03-12 01:08:55] [INFO] Max Restarts: 10
[2026-03-12 01:08:55] [INFO] Starting kiosk (attempt: 1/10)...
[2026-03-12 01:09:36] [INFO] Kiosk exited with code: 
[2026-03-12 01:09:36] [WARN] Crash detected. Restarting in 5 seconds...
[2026-03-12 01:09:41] [INFO] Starting kiosk (attempt: 2/10)...
[2026-03-12 01:12:22] [INFO] Kiosk exited with code: 
[2026-03-12 01:12:22] [WARN] Crash detected. Restarting in 5 seconds...
[2026-03-12 01:12:27] [INFO] Starting kiosk (attempt: 3/10)...
[2026-03-12 01:12:38] [INFO] === Auto-start script ended ===
[2026-03-12 01:12:52] [INFO] === ICL Voice Assistant Auto-Start Script ===
[2026-03-12 01:12:52] [INFO] Python: C:\Users\regan\Documents\ICL_Voice_Assistant\.venv\Scripts\python.exe
[2026-03-12 01:12:52] [INFO] Script: C:\Users\regan\Documents\ICL_Voice_Assistant\scripts\launch_kiosk.py
[2026-03-12 01:12:52] [INFO] Max Restarts: 10
[2026-03-12 01:12:52] [INFO] Starting kiosk (attempt: 1/10)...
[2026-03-12 01:13:23] [INFO] Kiosk exited with code: 
[2026-03-12 01:13:23] [WARN] Crash detected. Restarting in 5 seconds...
[2026-03-12 01:13:28] [INFO] Starting kiosk (attempt: 2/10)...
[2026-03-12 01:18:24] [INFO] Kiosk exited with code: 
[2026-03-12 01:18:24] [WARN] Crash detected. Restarting in 5 seconds...
[2026-03-12 01:18:29] [INFO] Starting kiosk (attempt: 3/10)...
[2026-03-12 01:18:47] [INFO] Kiosk exited with code: 
[2026-03-12 01:18:47] [WARN] Crash detected. Restarting in 5 seconds...
[2026-03-12 01:18:52] [INFO] Starting kiosk (attempt: 4/10)...
[2026-03-12 01:19:10] [INFO] Kiosk exited with code: 
[2026-03-12 01:19:10] [WARN] Crash detected. Restarting in 5 seconds...
[2026-03-12 01:19:15] [INFO] Starting kiosk (attempt: 5/10)...
[2026-03-12 01:19:25] [INFO] Kiosk exited with code: 
[2026-03-12 01:19:25] [WARN] Crash detected. Restarting in 5 seconds...
[2026-03-12 01:19:25] [INFO] === Auto-start script ended ===
[2026-03-12 01:19:41] [INFO] === ICL Voice Assistant Auto-Start Script ===
[2026-03-12 01:19:41] [INFO] Python: C:\Users\regan\Documents\ICL_Voice_Assistant\.venv\Scripts\python.exe
[2026-03-12 01:19:41] [INFO] Script: C:\Users\regan\Documents\ICL_Voice_Assistant\scripts\launch_kiosk.py
[2026-03-12 01:19:41] [INFO] Max Restarts: 10
[2026-03-12 01:19:41] [INFO] Starting kiosk (attempt: 1/10)...
[2026-03-12 01:20:08] [INFO] Kiosk exited with code: 
[2026-03-12 01:20:08] [WARN] Crash detected. Restarting in 5 seconds...
[2026-03-12 01:20:13] [INFO] Starting kiosk (attempt: 2/10)...
[2026-03-12 01:20:31] [INFO] Kiosk exited with code: 
[2026-03-12 01:20:31] [WARN] Crash detected. Restarting in 5 seconds...
[2026-03-12 01:20:36] [INFO] Starting kiosk (attempt: 3/10)...
[2026-03-12 01:20:47] [INFO] === Auto-start script ended ===
[2026-03-12 01:21:36] [INFO] === ICL Voice Assistant Auto-Start Script ===
[2026-03-12 01:21:36] [INFO] Python: C:\Users\regan\Documents\ICL_Voice_Assistant\.venv\Scripts\python.exe
[2026-03-12 01:21:36] [INFO] Script: C:\Users\regan\Documents\ICL_Voice_Assistant\scripts\launch_kiosk.py
[2026-03-12 01:21:36] [INFO] Max Restarts: 10
[2026-03-12 01:21:36] [INFO] Starting kiosk (attempt: 1/10)...
[2026-03-12 01:22:41] [INFO] Kiosk exited with code: 
[2026-03-12 01:22:41] [WARN] Crash detected. Restarting in 5 seconds...
[2026-03-12 01:22:46] [INFO] Starting kiosk (attempt: 2/10)...
[2026-03-12 01:23:56] [INFO] Kiosk exited with code: 
[2026-03-12 01:23:56] [WARN] Crash detected. Restarting in 5 seconds...
[2026-03-12 01:24:01] [INFO] Starting kiosk (attempt: 3/10)...
[2026-03-12 01:24:30] [INFO] Kiosk exited with code: 
[2026-03-12 01:24:30] [WARN] Crash detected. Restarting in 5 seconds...
[2026-03-12 01:24:35] [INFO] Starting kiosk (attempt: 4/10)...
