[2026-03-09 09:47:43] [INFO] === ICL Voice Assistant Auto-Start Script ===
[2026-03-09 09:47:43] [INFO] Python: C:\Users\regan\Documents\ICL_Voice_Assistant\.venv\Scripts\python.exe
[2026-03-09 09:47:43] [INFO] Script: C:\Users\regan\Documents\ICL_Voice_Assistant\scripts\launch_kiosk.py
[2026-03-09 09:47:43] [INFO] Max Restarts: 10
[2026-03-09 09:47:43] [INFO] Starting kiosk (attempt: 1/10)...
[2026-03-09 09:53:06] [INFO] === Auto-start script ended ===
[2026-03-09 10:45:14] [INFO] === ICL Voice Assistant Auto-Start Script ===
[2026-03-09 10:45:14] [INFO] Python: C:\Users\regan\Documents\ICL_Voice_Assistant\.venv\Scripts\python.exe
[2026-03-09 10:45:14] [INFO] Script: C:\Users\regan\Documents\ICL_Voice_Assistant\scripts\launch_kiosk.py
[2026-03-09 10:45:14] [INFO] Max Restarts: 10
[2026-03-09 10:45:14] [INFO] Starting kiosk (attempt: 1/10)...
[2026-03-09 10:45:57] [INFO] Kiosk exited with code: 
[2026-03-09 10:45:57] [WARN] Crash detected. Restarting in 5 seconds...
[2026-03-09 10:46:02] [INFO] Starting kiosk (attempt: 2/10)...
[2026-03-09 10:46:48] [INFO] Kiosk exited with code: 
[2026-03-09 10:46:48] [WARN] Crash detected. Restarting in 5 seconds...
[2026-03-09 10:46:53] [INFO] Starting kiosk (attempt: 3/10)...
[2026-03-09 10:46:55] [INFO] === Auto-start script ended ===
[2026-03-09 11:07:32] [INFO] === ICL Voice Assistant Auto-Start Script ===
[2026-03-09 11:07:32] [INFO] Python: C:\Users\regan\Documents\ICL_Voice_Assistant\.venv\Scripts\python.exe
[2026-03-09 11:07:32] [INFO] Script: C:\Users\regan\Documents\ICL_Voice_Assistant\scripts\launch_kiosk.py
[2026-03-09 11:07:32] [INFO] Max Restarts: 10
[2026-03-09 11:07:32] [INFO] Starting kiosk (attempt: 1/10)...
[2026-03-09 11:09:49] [INFO] === Auto-start script ended ===
[2026-03-09 11:16:03] [INFO] === ICL Voice Assistant Auto-Start Script ===
[2026-03-09 11:16:03] [INFO] Python: C:\Users\regan\Documents\ICL_Voice_Assistant\.venv\Scripts\python.exe
[2026-03-09 11:16:03] [INFO] Script: C:\Users\regan\Documents\ICL_Voice_Assistant\scripts\launch_kiosk.py
[2026-03-09 11:16:03] [INFO] Max Restarts: 10
[2026-03-09 11:16:03] [INFO] Starting kiosk (attempt: 1/10)...
[2026-03-09 11:18:24] [INFO] === Auto-start script ended ===
