2026-03-12 00:02:23,790 [INFO] src.ui.kiosk_app: Kiosk application starting. Log file: C:\Users\regan\Documents\ICL_Voice_Assistant\logs\kiosk_20260312.log
2026-03-12 00:03:50,542 [INFO] src.ui.kiosk_app: Pipeline ready
2026-03-12 00:03:50,546 [INFO] src.ui.error_handling: Memory baseline set: 0.0 MB
2026-03-12 00:03:50,547 [INFO] src.ui.error_handling: Watchdog started with 120.0s timeout
2026-03-12 00:04:59,749 [INFO] faster_whisper: Processing audio with duration 00:00.064
2026-03-12 00:05:15,622 [INFO] src.ui.kiosk_app: Kiosk application starting. Log file: C:\Users\regan\Documents\ICL_Voice_Assistant\logs\kiosk_20260312.log
2026-03-12 00:05:44,111 [INFO] src.ui.kiosk_app: Pipeline ready
2026-03-12 00:05:44,114 [INFO] src.ui.error_handling: Memory baseline set: 0.0 MB
2026-03-12 00:05:44,115 [INFO] src.ui.error_handling: Watchdog started with 120.0s timeout
2026-03-12 00:06:41,324 [INFO] faster_whisper: Processing audio with duration 00:02.944
2026-03-12 00:06:54,818 [INFO] src.ui.kiosk_app: Kiosk application starting. Log file: C:\Users\regan\Documents\ICL_Voice_Assistant\logs\kiosk_20260312.log
2026-03-12 00:07:19,618 [INFO] src.ui.kiosk_app: Pipeline ready
2026-03-12 00:07:19,621 [INFO] src.ui.error_handling: Memory baseline set: 0.0 MB
2026-03-12 00:07:19,622 [INFO] src.ui.error_handling: Watchdog started with 120.0s timeout
2026-03-12 00:07:26,501 [INFO] faster_whisper: Processing audio with duration 00:02.688
2026-03-12 00:07:46,819 [INFO] src.ui.kiosk_app: Kiosk application starting. Log file: C:\Users\regan\Documents\ICL_Voice_Assistant\logs\kiosk_20260312.log
2026-03-12 00:08:07,048 [INFO] src.ui.kiosk_app: Pipeline ready
2026-03-12 00:08:07,050 [INFO] src.ui.error_handling: Memory baseline set: 0.0 MB
2026-03-12 00:08:07,051 [INFO] src.ui.error_handling: Watchdog started with 120.0s timeout
2026-03-12 00:08:11,658 [INFO] faster_whisper: Processing audio with duration 00:02.368
2026-03-12 00:08:21,053 [INFO] src.ui.kiosk_app: Kiosk application starting. Log file: C:\Users\regan\Documents\ICL_Voice_Assistant\logs\kiosk_20260312.log
2026-03-12 00:08:31,575 [INFO] src.ui.kiosk_app: Pipeline ready
2026-03-12 00:08:31,577 [INFO] src.ui.error_handling: Memory baseline set: 0.0 MB
2026-03-12 00:08:31,577 [INFO] src.ui.error_handling: Watchdog started with 120.0s timeout
2026-03-12 00:08:43,626 [INFO] faster_whisper: Processing audio with duration 00:02.560
2026-03-12 00:08:53,428 [INFO] src.ui.kiosk_app: Kiosk application starting. Log file: C:\Users\regan\Documents\ICL_Voice_Assistant\logs\kiosk_20260312.log
2026-03-12 00:09:03,889 [INFO] src.ui.kiosk_app: Pipeline ready
2026-03-12 00:09:03,891 [INFO] src.ui.error_handling: Memory baseline set: 0.0 MB
2026-03-12 00:09:03,892 [INFO] src.ui.error_handling: Watchdog started with 120.0s timeout
2026-03-12 00:11:52,674 [INFO] faster_whisper: Processing audio with duration 00:05.184
2026-03-12 00:12:02,149 [INFO] src.ui.kiosk_app: Kiosk application starting. Log file: C:\Users\regan\Documents\ICL_Voice_Assistant\logs\kiosk_20260312.log
2026-03-12 00:12:13,938 [INFO] src.ui.kiosk_app: Pipeline ready
2026-03-12 00:12:13,940 [INFO] src.ui.error_handling: Memory baseline set: 0.0 MB
2026-03-12 00:12:13,940 [INFO] src.ui.error_handling: Watchdog started with 120.0s timeout
2026-03-12 00:12:30,453 [INFO] faster_whisper: Processing audio with duration 00:00.768
2026-03-12 00:12:39,874 [INFO] src.ui.kiosk_app: Kiosk application starting. Log file: C:\Users\regan\Documents\ICL_Voice_Assistant\logs\kiosk_20260312.log
2026-03-12 00:12:50,224 [INFO] src.ui.kiosk_app: Pipeline ready
2026-03-12 00:12:50,226 [INFO] src.ui.error_handling: Memory baseline set: 0.0 MB
2026-03-12 00:12:50,227 [INFO] src.ui.error_handling: Watchdog started with 120.0s timeout
2026-03-12 00:26:29,142 [INFO] src.ui.kiosk_app: Kiosk application starting. Log file: C:\Users\regan\Documents\ICL_Voice_Assistant\logs\kiosk_20260312.log
2026-03-12 00:26:57,087 [INFO] src.ui.kiosk_app: Pipeline ready
2026-03-12 00:26:57,088 [INFO] src.ui.error_handling: Memory baseline set: 0.0 MB
2026-03-12 00:26:57,089 [INFO] src.ui.error_handling: Watchdog started with 120.0s timeout
2026-03-12 00:27:07,968 [INFO] faster_whisper: Processing audio with duration 00:00.640
2026-03-12 00:27:08,156 [INFO] faster_whisper: VAD filter removed 00:00.640 of audio
2026-03-12 00:27:08,619 [INFO] faster_whisper: Detected language 'en' with probability 0.56
2026-03-12 00:27:13,925 [INFO] faster_whisper: Processing audio with duration 00:01.472
2026-03-12 00:27:13,927 [INFO] faster_whisper: VAD filter removed 00:01.472 of audio
2026-03-12 00:27:14,314 [INFO] faster_whisper: Detected language 'en' with probability 0.56
2026-03-12 00:27:17,450 [INFO] faster_whisper: Processing audio with duration 00:01.664
2026-03-12 00:27:17,455 [INFO] faster_whisper: VAD filter removed 00:00.376 of audio
2026-03-12 00:27:17,861 [INFO] faster_whisper: Detected language 'en' with probability 0.61
2026-03-12 00:27:45,581 [INFO] faster_whisper: Processing audio with duration 00:01.536
2026-03-12 00:27:45,585 [INFO] faster_whisper: VAD filter removed 00:00.344 of audio
2026-03-12 00:27:45,966 [INFO] faster_whisper: Detected language 'en' with probability 0.71
2026-03-12 00:28:10,660 [INFO] faster_whisper: Processing audio with duration 00:03.328
2026-03-12 00:28:10,666 [INFO] faster_whisper: VAD filter removed 00:00.728 of audio
2026-03-12 00:28:11,046 [INFO] faster_whisper: Detected language 'en' with probability 0.88
2026-03-12 00:29:27,365 [INFO] faster_whisper: Processing audio with duration 00:05.376
2026-03-12 00:29:27,374 [INFO] faster_whisper: VAD filter removed 00:01.320 of audio
2026-03-12 00:29:27,745 [INFO] faster_whisper: Detected language 'en' with probability 0.94
2026-03-12 00:30:32,181 [INFO] faster_whisper: Processing audio with duration 00:03.136
2026-03-12 00:30:32,187 [INFO] faster_whisper: VAD filter removed 00:00.376 of audio
2026-03-12 00:30:32,566 [INFO] faster_whisper: Detected language 'en' with probability 0.93
2026-03-12 00:31:31,365 [INFO] faster_whisper: Processing audio with duration 00:14.976
2026-03-12 00:31:31,389 [INFO] faster_whisper: VAD filter removed 00:00.952 of audio
2026-03-12 00:31:31,734 [INFO] faster_whisper: Detected language 'en' with probability 0.96
2026-03-12 00:32:58,497 [INFO] faster_whisper: Processing audio with duration 00:08.128
2026-03-12 00:32:58,510 [INFO] faster_whisper: VAD filter removed 00:00.216 of audio
2026-03-12 00:32:58,863 [INFO] faster_whisper: Detected language 'en' with probability 0.91
2026-03-12 00:42:05,825 [INFO] src.ui.kiosk_app: Kiosk application starting. Log file: C:\Users\regan\Documents\ICL_Voice_Assistant\logs\kiosk_20260312.log
2026-03-12 00:42:20,005 [INFO] src.ui.kiosk_app: Pipeline ready
2026-03-12 00:42:20,006 [INFO] src.ui.error_handling: Memory baseline set: 0.0 MB
2026-03-12 00:42:20,007 [INFO] src.ui.error_handling: Watchdog started with 120.0s timeout
2026-03-12 00:42:36,039 [INFO] faster_whisper: Processing audio with duration 00:05.440
2026-03-12 00:42:45,357 [INFO] src.ui.kiosk_app: Kiosk application starting. Log file: C:\Users\regan\Documents\ICL_Voice_Assistant\logs\kiosk_20260312.log
2026-03-12 00:42:57,175 [INFO] src.ui.kiosk_app: Pipeline ready
2026-03-12 00:42:57,177 [INFO] src.ui.error_handling: Memory baseline set: 0.0 MB
2026-03-12 00:42:57,177 [INFO] src.ui.error_handling: Watchdog started with 120.0s timeout
2026-03-12 00:43:23,819 [INFO] faster_whisper: Processing audio with duration 00:01.152
2026-03-12 00:43:33,243 [INFO] src.ui.kiosk_app: Kiosk application starting. Log file: C:\Users\regan\Documents\ICL_Voice_Assistant\logs\kiosk_20260312.log
2026-03-12 00:43:44,966 [INFO] src.ui.kiosk_app: Pipeline ready
2026-03-12 00:43:44,968 [INFO] src.ui.error_handling: Memory baseline set: 0.0 MB
2026-03-12 00:43:44,968 [INFO] src.ui.error_handling: Watchdog started with 120.0s timeout
2026-03-12 00:43:52,157 [INFO] faster_whisper: Processing audio with duration 00:01.280
2026-03-12 00:44:01,449 [INFO] src.ui.kiosk_app: Kiosk application starting. Log file: C:\Users\regan\Documents\ICL_Voice_Assistant\logs\kiosk_20260312.log
2026-03-12 00:44:12,780 [INFO] src.ui.kiosk_app: Pipeline ready
2026-03-12 00:44:12,782 [INFO] src.ui.error_handling: Memory baseline set: 0.0 MB
2026-03-12 00:44:12,782 [INFO] src.ui.error_handling: Watchdog started with 120.0s timeout
2026-03-12 00:45:13,880 [INFO] faster_whisper: Processing audio with duration 00:00.768
2026-03-12 00:45:23,553 [INFO] src.ui.kiosk_app: Kiosk application starting. Log file: C:\Users\regan\Documents\ICL_Voice_Assistant\logs\kiosk_20260312.log
2026-03-12 00:45:38,232 [INFO] src.ui.kiosk_app: Pipeline ready
2026-03-12 00:45:38,234 [INFO] src.ui.error_handling: Memory baseline set: 0.0 MB
2026-03-12 00:45:38,235 [INFO] src.ui.error_handling: Watchdog started with 120.0s timeout
2026-03-12 00:46:02,903 [INFO] faster_whisper: Processing audio with duration 00:00.704
2026-03-12 00:46:12,556 [INFO] src.ui.kiosk_app: Kiosk application starting. Log file: C:\Users\regan\Documents\ICL_Voice_Assistant\logs\kiosk_20260312.log
2026-03-12 00:46:23,937 [INFO] src.ui.kiosk_app: Pipeline ready
2026-03-12 00:46:23,939 [INFO] src.ui.error_handling: Memory baseline set: 0.0 MB
2026-03-12 00:46:23,939 [INFO] src.ui.error_handling: Watchdog started with 120.0s timeout
2026-03-12 00:48:23,980 [ERROR] src.ui.error_handling: Watchdog timeout! No activity for 120.0s
2026-03-12 00:48:23,980 [ERROR] src.ui.kiosk_app: Watchdog timeout! System appears to be hung.
2026-03-12 00:48:23,981 [ERROR] src.ui.kiosk_app: Health status: {'healthy': True, 'seconds_since_activity': 120.04098439216614, 'error_count': 0, 'total_operations': 1, 'error_rate': 0.0}
2026-03-12 00:48:25,978 [INFO] src.ui.kiosk_app: Resetting to idle state
2026-03-12 00:50:24,021 [ERROR] src.ui.error_handling: Watchdog timeout! No activity for 120.0s
2026-03-12 00:50:24,021 [ERROR] src.ui.kiosk_app: Watchdog timeout! System appears to be hung.
2026-03-12 00:50:24,022 [ERROR] src.ui.kiosk_app: Health status: {'healthy': True, 'seconds_since_activity': 240.08193922042847, 'error_count': 0, 'total_operations': 1, 'error_rate': 0.0}
2026-03-12 00:50:26,043 [INFO] src.ui.kiosk_app: Resetting to idle state
2026-03-12 00:52:24,061 [ERROR] src.ui.error_handling: Watchdog timeout! No activity for 120.0s
2026-03-12 00:52:24,061 [ERROR] src.ui.kiosk_app: Watchdog timeout! System appears to be hung.
2026-03-12 00:52:24,062 [ERROR] src.ui.kiosk_app: Health status: {'healthy': False, 'seconds_since_activity': 360.1219856739044, 'error_count': 0, 'total_operations': 1, 'error_rate': 0.0}
2026-03-12 00:52:37,686 [INFO] src.ui.kiosk_app: Kiosk application starting. Log file: C:\Users\regan\Documents\ICL_Voice_Assistant\logs\kiosk_20260312.log
2026-03-12 00:52:48,395 [INFO] src.ui.kiosk_app: Pipeline ready
2026-03-12 00:52:48,396 [INFO] src.ui.error_handling: Memory baseline set: 0.0 MB
2026-03-12 00:52:48,397 [INFO] src.ui.error_handling: Watchdog started with 120.0s timeout
2026-03-12 00:53:02,878 [INFO] faster_whisper: Processing audio with duration 00:00.768
2026-03-12 00:53:12,180 [INFO] src.ui.kiosk_app: Kiosk application starting. Log file: C:\Users\regan\Documents\ICL_Voice_Assistant\logs\kiosk_20260312.log
2026-03-12 00:53:23,038 [INFO] src.ui.kiosk_app: Pipeline ready
2026-03-12 00:53:23,039 [INFO] src.ui.error_handling: Memory baseline set: 0.0 MB
2026-03-12 00:53:23,040 [INFO] src.ui.error_handling: Watchdog started with 120.0s timeout
2026-03-12 00:53:32,144 [INFO] faster_whisper: Processing audio with duration 00:02.752
2026-03-12 00:53:41,430 [INFO] src.ui.kiosk_app: Kiosk application starting. Log file: C:\Users\regan\Documents\ICL_Voice_Assistant\logs\kiosk_20260312.log
2026-03-12 00:53:52,338 [INFO] src.ui.kiosk_app: Pipeline ready
2026-03-12 00:53:52,339 [INFO] src.ui.error_handling: Memory baseline set: 0.0 MB
2026-03-12 00:53:52,340 [INFO] src.ui.error_handling: Watchdog started with 120.0s timeout
2026-03-12 00:54:07,257 [INFO] faster_whisper: Processing audio with duration 00:01.152
2026-03-12 00:54:16,450 [INFO] src.ui.kiosk_app: Kiosk application starting. Log file: C:\Users\regan\Documents\ICL_Voice_Assistant\logs\kiosk_20260312.log
2026-03-12 00:54:26,583 [INFO] src.ui.kiosk_app: Pipeline ready
2026-03-12 00:54:26,584 [INFO] src.ui.error_handling: Memory baseline set: 0.0 MB
2026-03-12 00:54:26,585 [INFO] src.ui.error_handling: Watchdog started with 120.0s timeout
2026-03-12 00:56:46,729 [INFO] faster_whisper: Processing audio with duration 00:02.496
2026-03-12 00:56:56,826 [INFO] src.ui.kiosk_app: Kiosk application starting. Log file: C:\Users\regan\Documents\ICL_Voice_Assistant\logs\kiosk_20260312.log
2026-03-12 00:57:09,891 [INFO] src.ui.kiosk_app: Pipeline ready
2026-03-12 00:57:09,892 [INFO] src.ui.error_handling: Memory baseline set: 0.0 MB
2026-03-12 00:57:09,893 [INFO] src.ui.error_handling: Watchdog started with 120.0s timeout
2026-03-12 00:58:11,644 [INFO] faster_whisper: Processing audio with duration 00:02.240
2026-03-12 00:58:11,746 [INFO] faster_whisper: VAD filter removed 00:00.792 of audio
2026-03-12 00:58:12,133 [INFO] faster_whisper: Detected language 'en' with probability 0.60
2026-03-12 00:58:38,790 [INFO] faster_whisper: Processing audio with duration 00:03.200
2026-03-12 00:58:38,795 [INFO] faster_whisper: VAD filter removed 00:01.456 of audio
2026-03-12 00:58:39,126 [INFO] faster_whisper: Detected language 'pl' with probability 0.29
2026-03-12 00:58:39,503 [ERROR] src.ui.kiosk_app: Pipeline error: Processing error: 'charmap' codec can't encode character '\u0142' in position 28: character maps to <undefined>
2026-03-12 00:58:39,504 [ERROR] src.ui.kiosk_app: Pipeline initialization failed: Processing error: 'charmap' codec can't encode character '\u0142' in position 28: character maps to <undefined>
2026-03-12 00:58:51,080 [INFO] src.ui.kiosk_app: Kiosk application starting. Log file: C:\Users\regan\Documents\ICL_Voice_Assistant\logs\kiosk_20260312.log
2026-03-12 00:59:00,948 [INFO] src.ui.kiosk_app: Pipeline ready
2026-03-12 00:59:00,949 [INFO] src.ui.error_handling: Memory baseline set: 0.0 MB
2026-03-12 00:59:00,949 [INFO] src.ui.error_handling: Watchdog started with 120.0s timeout
2026-03-12 00:59:20,105 [INFO] faster_whisper: Processing audio with duration 00:05.440
2026-03-12 00:59:29,421 [INFO] src.ui.kiosk_app: Kiosk application starting. Log file: C:\Users\regan\Documents\ICL_Voice_Assistant\logs\kiosk_20260312.log
2026-03-12 00:59:39,048 [INFO] src.ui.kiosk_app: Pipeline ready
2026-03-12 00:59:39,049 [INFO] src.ui.error_handling: Memory baseline set: 0.0 MB
2026-03-12 00:59:39,049 [INFO] src.ui.error_handling: Watchdog started with 120.0s timeout
2026-03-12 01:00:43,172 [INFO] src.ui.kiosk_app: Kiosk application starting. Log file: C:\Users\regan\Documents\ICL_Voice_Assistant\logs\kiosk_20260312.log
2026-03-12 01:00:46,774 [WARNING] huggingface_hub.utils._http: Warning: You are sending unauthenticated requests to the HF Hub. Please set a HF_TOKEN to enable higher rate limits and faster downloads.
2026-03-12 01:00:56,977 [INFO] src.ui.kiosk_app: Pipeline ready
2026-03-12 01:00:56,978 [INFO] src.ui.error_handling: Memory baseline set: 0.0 MB
2026-03-12 01:00:56,978 [INFO] src.ui.error_handling: Watchdog started with 120.0s timeout
2026-03-12 01:01:02,662 [INFO] faster_whisper: Processing audio with duration 00:01.216
2026-03-12 01:01:13,176 [INFO] src.ui.kiosk_app: Kiosk application starting. Log file: C:\Users\regan\Documents\ICL_Voice_Assistant\logs\kiosk_20260312.log
2026-03-12 01:01:22,586 [INFO] src.ui.kiosk_app: Pipeline ready
2026-03-12 01:01:22,587 [INFO] src.ui.error_handling: Memory baseline set: 0.0 MB
2026-03-12 01:01:22,588 [INFO] src.ui.error_handling: Watchdog started with 120.0s timeout
2026-03-12 01:01:43,749 [INFO] faster_whisper: Processing audio with duration 00:01.152
2026-03-12 01:01:43,805 [INFO] faster_whisper: VAD filter removed 00:00.472 of audio
2026-03-12 01:01:44,008 [INFO] faster_whisper: Detected language 'en' with probability 0.45
2026-03-12 01:02:13,486 [INFO] src.ui.kiosk_app: Kiosk application starting. Log file: C:\Users\regan\Documents\ICL_Voice_Assistant\logs\kiosk_20260312.log
2026-03-12 01:02:32,300 [INFO] src.ui.kiosk_app: Kiosk application starting. Log file: C:\Users\regan\Documents\ICL_Voice_Assistant\logs\kiosk_20260312.log
2026-03-12 01:03:36,209 [INFO] src.ui.kiosk_app: Kiosk application starting. Log file: C:\Users\regan\Documents\ICL_Voice_Assistant\logs\kiosk_20260312.log
2026-03-12 01:03:48,853 [INFO] src.ui.kiosk_app: Pipeline ready
2026-03-12 01:03:48,855 [INFO] src.ui.error_handling: Memory baseline set: 0.0 MB
2026-03-12 01:03:48,856 [INFO] src.ui.error_handling: Watchdog started with 120.0s timeout
2026-03-12 01:04:38,175 [INFO] faster_whisper: Processing audio with duration 00:01.408
2026-03-12 01:04:38,225 [INFO] faster_whisper: VAD filter removed 00:00.184 of audio
2026-03-12 01:04:38,591 [INFO] faster_whisper: Detected language 'en' with probability 0.69
2026-03-12 01:05:09,126 [INFO] faster_whisper: Processing audio with duration 00:02.240
2026-03-12 01:05:09,130 [INFO] faster_whisper: VAD filter removed 00:00.408 of audio
2026-03-12 01:05:09,465 [INFO] faster_whisper: Detected language 'en' with probability 0.87
2026-03-12 01:05:57,406 [INFO] faster_whisper: Processing audio with duration 00:03.840
2026-03-12 01:05:57,412 [INFO] faster_whisper: VAD filter removed 00:01.856 of audio
2026-03-12 01:05:57,739 [INFO] faster_whisper: Detected language 'en' with probability 0.31
2026-03-12 01:06:30,159 [INFO] faster_whisper: Processing audio with duration 00:04.608
2026-03-12 01:06:30,166 [INFO] faster_whisper: VAD filter removed 00:01.384 of audio
2026-03-12 01:06:30,489 [INFO] faster_whisper: Detected language 'en' with probability 0.88
2026-03-12 01:07:39,003 [INFO] faster_whisper: Processing audio with duration 00:10.112
2026-03-12 01:07:39,018 [INFO] faster_whisper: VAD filter removed 00:01.544 of audio
2026-03-12 01:07:39,344 [INFO] faster_whisper: Detected language 'en' with probability 0.91
2026-03-12 01:08:56,795 [INFO] src.ui.kiosk_app: Kiosk application starting. Log file: C:\Users\regan\Documents\ICL_Voice_Assistant\logs\kiosk_20260312.log
2026-03-12 01:09:06,729 [INFO] src.ui.kiosk_app: Pipeline ready
2026-03-12 01:09:06,730 [INFO] src.ui.error_handling: Memory baseline set: 0.0 MB
2026-03-12 01:09:06,731 [INFO] src.ui.error_handling: Watchdog started with 120.0s timeout
2026-03-12 01:09:32,454 [INFO] faster_whisper: Processing audio with duration 00:07.040
2026-03-12 01:09:42,486 [INFO] src.ui.kiosk_app: Kiosk application starting. Log file: C:\Users\regan\Documents\ICL_Voice_Assistant\logs\kiosk_20260312.log
2026-03-12 01:09:52,515 [INFO] src.ui.kiosk_app: Pipeline ready
2026-03-12 01:09:52,517 [INFO] src.ui.error_handling: Memory baseline set: 0.0 MB
2026-03-12 01:09:52,517 [INFO] src.ui.error_handling: Watchdog started with 120.0s timeout
2026-03-12 01:09:59,417 [INFO] faster_whisper: Processing audio with duration 00:02.368
2026-03-12 01:09:59,466 [INFO] faster_whisper: VAD filter removed 00:00.216 of audio
2026-03-12 01:09:59,826 [INFO] faster_whisper: Detected language 'en' with probability 0.82
2026-03-12 01:10:56,296 [INFO] faster_whisper: Processing audio with duration 00:03.328
2026-03-12 01:10:56,301 [INFO] faster_whisper: VAD filter removed 00:00.792 of audio
2026-03-12 01:10:56,622 [INFO] faster_whisper: Detected language 'en' with probability 0.68
2026-03-12 01:11:43,953 [INFO] faster_whisper: Processing audio with duration 00:03.072
2026-03-12 01:11:43,958 [INFO] faster_whisper: VAD filter removed 00:00.184 of audio
2026-03-12 01:11:44,289 [INFO] faster_whisper: Detected language 'en' with probability 0.55
2026-03-12 01:12:29,035 [INFO] src.ui.kiosk_app: Kiosk application starting. Log file: C:\Users\regan\Documents\ICL_Voice_Assistant\logs\kiosk_20260312.log
2026-03-12 01:12:29,257 [INFO] src.ui.kiosk_app: Shutting down kiosk application...
2026-03-12 01:12:29,257 [INFO] src.ui.kiosk_app: Final health status: {'healthy': True, 'seconds_since_activity': 0.20987629890441895, 'error_count': 0, 'total_operations': 0, 'error_rate': 0.0}
2026-03-12 01:12:34,261 [INFO] src.ui.kiosk_app: Shutdown complete
2026-03-12 01:12:53,674 [INFO] src.ui.kiosk_app: Kiosk application starting. Log file: C:\Users\regan\Documents\ICL_Voice_Assistant\logs\kiosk_20260312.log
2026-03-12 01:13:03,087 [INFO] src.ui.kiosk_app: Pipeline ready
2026-03-12 01:13:03,089 [INFO] src.ui.error_handling: Memory baseline set: 0.0 MB
2026-03-12 01:13:03,089 [INFO] src.ui.error_handling: Watchdog started with 120.0s timeout
2026-03-12 01:13:20,316 [INFO] faster_whisper: Processing audio with duration 00:14.976
2026-03-12 01:13:30,235 [INFO] src.ui.kiosk_app: Kiosk application starting. Log file: C:\Users\regan\Documents\ICL_Voice_Assistant\logs\kiosk_20260312.log
2026-03-12 01:13:41,019 [INFO] src.ui.kiosk_app: Pipeline ready
2026-03-12 01:13:41,020 [INFO] src.ui.error_handling: Memory baseline set: 0.0 MB
2026-03-12 01:13:41,021 [INFO] src.ui.error_handling: Watchdog started with 120.0s timeout
2026-03-12 01:13:56,109 [INFO] faster_whisper: Processing audio with duration 00:10.048
2026-03-12 01:13:56,171 [INFO] faster_whisper: VAD filter removed 00:01.416 of audio
2026-03-12 01:13:56,535 [INFO] faster_whisper: Detected language 'en' with probability 0.69
2026-03-12 01:15:38,915 [INFO] faster_whisper: Processing audio with duration 00:06.144
2026-03-12 01:15:38,924 [INFO] faster_whisper: VAD filter removed 00:00.664 of audio
2026-03-12 01:15:39,251 [INFO] faster_whisper: Detected language 'en' with probability 0.84
2026-03-12 01:18:04,119 [ERROR] src.ui.error_handling: Watchdog timeout! No activity for 120.3s
2026-03-12 01:18:04,120 [ERROR] src.ui.kiosk_app: Watchdog timeout! System appears to be hung.
2026-03-12 01:18:04,120 [ERROR] src.ui.kiosk_app: Health status: {'healthy': True, 'seconds_since_activity': 120.2893135547638, 'error_count': 0, 'total_operations': 3, 'error_rate': 0.0}
2026-03-12 01:18:06,119 [INFO] src.ui.kiosk_app: Resetting to idle state
2026-03-12 01:18:13,006 [INFO] faster_whisper: Processing audio with duration 00:04.800
2026-03-12 01:18:13,015 [INFO] faster_whisper: VAD filter removed 00:01.288 of audio
2026-03-12 01:18:13,351 [INFO] faster_whisper: Detected language 'en' with probability 0.79
2026-03-12 01:18:30,586 [INFO] src.ui.kiosk_app: Kiosk application starting. Log file: C:\Users\regan\Documents\ICL_Voice_Assistant\logs\kiosk_20260312.log
2026-03-12 01:18:40,026 [INFO] src.ui.kiosk_app: Pipeline ready
2026-03-12 01:18:40,028 [INFO] src.ui.error_handling: Memory baseline set: 0.0 MB
2026-03-12 01:18:40,028 [INFO] src.ui.error_handling: Watchdog started with 120.0s timeout
2026-03-12 01:18:44,178 [INFO] faster_whisper: Processing audio with duration 00:01.472
2026-03-12 01:18:53,835 [INFO] src.ui.kiosk_app: Kiosk application starting. Log file: C:\Users\regan\Documents\ICL_Voice_Assistant\logs\kiosk_20260312.log
2026-03-12 01:19:03,915 [INFO] src.ui.kiosk_app: Pipeline ready
2026-03-12 01:19:03,916 [INFO] src.ui.error_handling: Memory baseline set: 0.0 MB
2026-03-12 01:19:03,917 [INFO] src.ui.error_handling: Watchdog started with 120.0s timeout
2026-03-12 01:19:07,677 [INFO] faster_whisper: Processing audio with duration 00:01.344
2026-03-12 01:19:17,148 [INFO] src.ui.kiosk_app: Kiosk application starting. Log file: C:\Users\regan\Documents\ICL_Voice_Assistant\logs\kiosk_20260312.log
2026-03-12 01:19:43,345 [INFO] src.ui.kiosk_app: Kiosk application starting. Log file: C:\Users\regan\Documents\ICL_Voice_Assistant\logs\kiosk_20260312.log
2026-03-12 01:19:53,196 [INFO] src.ui.kiosk_app: Pipeline ready
2026-03-12 01:19:53,197 [INFO] src.ui.error_handling: Memory baseline set: 0.0 MB
2026-03-12 01:19:53,198 [INFO] src.ui.error_handling: Watchdog started with 120.0s timeout
2026-03-12 01:19:55,989 [INFO] faster_whisper: Processing audio with duration 00:01.344
2026-03-12 01:19:56,047 [INFO] faster_whisper: VAD filter removed 00:00.600 of audio
2026-03-12 01:19:56,409 [INFO] faster_whisper: Detected language 'en' with probability 0.56
2026-03-12 01:19:59,926 [INFO] faster_whisper: Processing audio with duration 00:01.728
2026-03-12 01:19:59,930 [INFO] faster_whisper: VAD filter removed 00:00.976 of audio
2026-03-12 01:20:00,268 [INFO] faster_whisper: Detected language 'en' with probability 0.64
2026-03-12 01:20:14,533 [INFO] src.ui.kiosk_app: Kiosk application starting. Log file: C:\Users\regan\Documents\ICL_Voice_Assistant\logs\kiosk_20260312.log
2026-03-12 01:20:24,446 [INFO] src.ui.kiosk_app: Pipeline ready
2026-03-12 01:20:24,447 [INFO] src.ui.error_handling: Memory baseline set: 0.0 MB
2026-03-12 01:20:24,448 [INFO] src.ui.error_handling: Watchdog started with 120.0s timeout
2026-03-12 01:20:28,100 [INFO] faster_whisper: Processing audio with duration 00:01.920
2026-03-12 01:20:37,546 [INFO] src.ui.kiosk_app: Kiosk application starting. Log file: C:\Users\regan\Documents\ICL_Voice_Assistant\logs\kiosk_20260312.log
2026-03-12 01:21:37,622 [INFO] src.ui.kiosk_app: Kiosk application starting. Log file: C:\Users\regan\Documents\ICL_Voice_Assistant\logs\kiosk_20260312.log
2026-03-12 01:21:52,451 [INFO] src.ui.kiosk_app: Pipeline ready
2026-03-12 01:21:52,452 [INFO] src.ui.error_handling: Memory baseline set: 0.0 MB
2026-03-12 01:21:52,453 [INFO] src.ui.error_handling: Watchdog started with 120.0s timeout
2026-03-12 01:22:00,099 [INFO] faster_whisper: Processing audio with duration 00:04.352
2026-03-12 01:22:00,430 [INFO] faster_whisper: Detected language 'en' with probability 0.45
2026-03-12 01:22:28,493 [INFO] faster_whisper: Processing audio with duration 00:03.520
2026-03-12 01:22:28,804 [INFO] faster_whisper: Detected language 'en' with probability 0.73
2026-03-12 01:22:47,698 [INFO] src.ui.kiosk_app: Kiosk application starting. Log file: C:\Users\regan\Documents\ICL_Voice_Assistant\logs\kiosk_20260312.log
2026-03-12 01:22:57,389 [INFO] src.ui.kiosk_app: Pipeline ready
2026-03-12 01:22:57,391 [INFO] src.ui.error_handling: Memory baseline set: 0.0 MB
2026-03-12 01:22:57,391 [INFO] src.ui.error_handling: Watchdog started with 120.0s timeout
2026-03-12 01:23:15,802 [INFO] faster_whisper: Processing audio with duration 00:14.976
2026-03-12 01:23:16,139 [INFO] faster_whisper: Detected language 'en' with probability 0.90
2026-03-12 01:24:02,408 [INFO] src.ui.kiosk_app: Kiosk application starting. Log file: C:\Users\regan\Documents\ICL_Voice_Assistant\logs\kiosk_20260312.log
2026-03-12 01:24:11,699 [INFO] src.ui.kiosk_app: Pipeline ready
2026-03-12 01:24:11,700 [INFO] src.ui.error_handling: Memory baseline set: 0.0 MB
2026-03-12 01:24:11,701 [INFO] src.ui.error_handling: Watchdog started with 120.0s timeout
2026-03-12 01:24:20,687 [INFO] faster_whisper: Processing audio with duration 00:07.040
2026-03-12 01:24:21,030 [INFO] faster_whisper: Detected language 'en' with probability 0.85
2026-03-12 01:24:37,202 [INFO] src.ui.kiosk_app: Kiosk application starting. Log file: C:\Users\regan\Documents\ICL_Voice_Assistant\logs\kiosk_20260312.log
2026-03-12 01:24:46,508 [INFO] src.ui.kiosk_app: Pipeline ready
2026-03-12 01:24:46,510 [INFO] src.ui.error_handling: Memory baseline set: 0.0 MB
2026-03-12 01:24:46,510 [INFO] src.ui.error_handling: Watchdog started with 120.0s timeout
2026-03-12 01:24:58,883 [INFO] faster_whisper: Processing audio with duration 00:09.664
2026-03-12 01:24:59,240 [INFO] faster_whisper: Detected language 'en' with probability 0.62
