2026-03-09 09:47:47,663 [INFO] src.ui.kiosk_app: Kiosk application starting. Log file: C:\Users\regan\Documents\ICL_Voice_Assistant\logs\kiosk_20260309.log
2026-03-09 09:49:31,711 [INFO] sentence_transformers.SentenceTransformer: Use pytorch device_name: cpu
2026-03-09 09:49:31,712 [INFO] sentence_transformers.SentenceTransformer: Load pretrained SentenceTransformer: all-MiniLM-L6-v2
2026-03-09 09:49:32,421 [WARNING] huggingface_hub.utils._http: Warning: You are sending unauthenticated requests to the HF Hub. Please set a HF_TOKEN to enable higher rate limits and faster downloads.
2026-03-09 09:49:33,282 [INFO] src.ui.kiosk_app: Pipeline ready
2026-03-09 09:49:33,287 [INFO] src.ui.error_handling: Memory baseline set: 0.0 MB
2026-03-09 09:49:33,289 [INFO] src.ui.error_handling: Watchdog started with 120.0s timeout
2026-03-09 10:45:17,415 [INFO] src.ui.kiosk_app: Kiosk application starting. Log file: C:\Users\regan\Documents\ICL_Voice_Assistant\logs\kiosk_20260309.log
2026-03-09 10:45:37,575 [INFO] sentence_transformers.SentenceTransformer: Use pytorch device_name: cpu
2026-03-09 10:45:37,576 [INFO] sentence_transformers.SentenceTransformer: Load pretrained SentenceTransformer: all-MiniLM-L6-v2
2026-03-09 10:45:37,897 [WARNING] huggingface_hub.utils._http: Warning: You are sending unauthenticated requests to the HF Hub. Please set a HF_TOKEN to enable higher rate limits and faster downloads.
2026-03-09 10:45:38,942 [INFO] src.ui.kiosk_app: Pipeline ready
2026-03-09 10:45:38,946 [INFO] src.ui.error_handling: Memory baseline set: 0.0 MB
2026-03-09 10:45:38,948 [INFO] src.ui.error_handling: Watchdog started with 120.0s timeout
2026-03-09 10:46:04,847 [INFO] src.ui.kiosk_app: Kiosk application starting. Log file: C:\Users\regan\Documents\ICL_Voice_Assistant\logs\kiosk_20260309.log
2026-03-09 10:46:22,319 [INFO] sentence_transformers.SentenceTransformer: Use pytorch device_name: cpu
2026-03-09 10:46:22,319 [INFO] sentence_transformers.SentenceTransformer: Load pretrained SentenceTransformer: all-MiniLM-L6-v2
2026-03-09 10:46:22,649 [WARNING] huggingface_hub.utils._http: Warning: You are sending unauthenticated requests to the HF Hub. Please set a HF_TOKEN to enable higher rate limits and faster downloads.
2026-03-09 10:46:23,573 [INFO] src.ui.kiosk_app: Pipeline ready
2026-03-09 10:46:23,577 [INFO] src.ui.error_handling: Memory baseline set: 0.0 MB
2026-03-09 10:46:23,579 [INFO] src.ui.error_handling: Watchdog started with 120.0s timeout
2026-03-09 11:07:42,604 [INFO] src.ui.kiosk_app: Kiosk application starting. Log file: C:\Users\regan\Documents\ICL_Voice_Assistant\logs\kiosk_20260309.log
2026-03-09 11:08:35,354 [INFO] src.ui.kiosk_app: Pipeline ready
2026-03-09 11:08:35,358 [INFO] src.ui.error_handling: Memory baseline set: 0.0 MB
2026-03-09 11:08:35,359 [INFO] src.ui.error_handling: Watchdog started with 120.0s timeout
2026-03-09 11:16:07,666 [INFO] src.ui.kiosk_app: Kiosk application starting. Log file: C:\Users\regan\Documents\ICL_Voice_Assistant\logs\kiosk_20260309.log
2026-03-09 11:16:42,236 [INFO] src.ui.kiosk_app: Pipeline ready
2026-03-09 11:16:42,280 [INFO] src.ui.error_handling: Memory baseline set: 0.0 MB
2026-03-09 11:16:42,282 [INFO] src.ui.error_handling: Watchdog started with 120.0s timeout
2026-03-09 11:27:25,866 [INFO] src.ui.kiosk_app: Kiosk application starting. Log file: C:\Users\regan\Documents\ICL_Voice_Assistant\logs\kiosk_20260309.log
2026-03-09 11:27:52,496 [INFO] src.ui.kiosk_app: Pipeline ready
2026-03-09 11:27:52,499 [INFO] src.ui.error_handling: Memory baseline set: 0.0 MB
2026-03-09 11:27:52,500 [INFO] src.ui.error_handling: Watchdog started with 120.0s timeout
2026-03-09 11:30:00,967 [INFO] faster_whisper: Processing audio with duration 00:00.064
2026-03-09 11:30:01,356 [INFO] faster_whisper: VAD filter removed 00:00.064 of audio
2026-03-09 11:30:02,166 [INFO] faster_whisper: Detected language 'en' with probability 0.56
2026-03-09 11:30:07,275 [INFO] faster_whisper: Processing audio with duration 00:00.064
2026-03-09 11:30:07,277 [INFO] faster_whisper: VAD filter removed 00:00.064 of audio
2026-03-09 11:30:07,941 [INFO] faster_whisper: Detected language 'en' with probability 0.56
2026-03-09 11:30:14,451 [INFO] faster_whisper: Processing audio with duration 00:00.064
2026-03-09 11:30:14,453 [INFO] faster_whisper: VAD filter removed 00:00.064 of audio
2026-03-09 11:30:15,082 [INFO] faster_whisper: Detected language 'en' with probability 0.56
2026-03-09 11:30:17,271 [INFO] faster_whisper: Processing audio with duration 00:00.064
2026-03-09 11:30:17,273 [INFO] faster_whisper: VAD filter removed 00:00.064 of audio
2026-03-09 11:30:17,914 [INFO] faster_whisper: Detected language 'en' with probability 0.56
2026-03-09 11:30:22,332 [INFO] faster_whisper: Processing audio with duration 00:03.968
2026-03-09 11:30:22,347 [INFO] faster_whisper: VAD filter removed 00:00.440 of audio
2026-03-09 11:30:22,978 [INFO] faster_whisper: Detected language 'en' with probability 0.87
